../Middlewares/ST/touchgfx/framework/include/mvp/Presenter.hpp:40:18:virtual void touchgfx::Presenter::activate()	16	static
../Middlewares/ST/touchgfx/framework/include/mvp/Presenter.hpp:50:18:virtual void touchgfx::Presenter::deactivate()	16	static
../Middlewares/ST/touchgfx/framework/include/mvp/Presenter.hpp:55:13:touchgfx::Presenter::~Presenter()	16	static
../Middlewares/ST/touchgfx/framework/include/mvp/Presenter.hpp:55:13:virtual touchgfx::Presenter::~Presenter()	16	static
../Middlewares/ST/touchgfx/framework/include/mvp/Presenter.hpp:61:5:touchgfx::Presenter::Presenter()	16	static
../TouchGFX/gui/include/gui/model/ModelListener.hpp:14:5:ModelListener::ModelListener()	16	static
../TouchGFX/gui/include/gui/model/ModelListener.hpp:16:13:ModelListener::~ModelListener()	16	static
../TouchGFX/gui/include/gui/model/ModelListener.hpp:16:13:virtual ModelListener::~ModelListener()	16	static
../TouchGFX/gui/include/gui/model/ModelListener.hpp:24:18:virtual void ModelListener::addNewSensor(Sensor)	16	static
../TouchGFX/gui/include/gui/model/ModelListener.hpp:25:18:virtual void ModelListener::setClimateData(int, int, int)	24	static
../TouchGFX/gui/include/gui/model/ModelListener.hpp:26:18:virtual void ModelListener::setOutTemp(int, int, char*)	24	static
../TouchGFX/gui/include/gui/model/ModelListener.hpp:29:18:virtual void ModelListener::setWLANstatus()	16	static
../TouchGFX/gui/include/gui/model/ModelListener.hpp:30:18:virtual void ModelListener::setClockData(uint32_t)	16	static
../TouchGFX/gui/include/gui/menuscreen_screen/MenuScreenPresenter.hpp:28:13:MenuScreenPresenter::~MenuScreenPresenter()	16	static
../TouchGFX/gui/include/gui/menuscreen_screen/MenuScreenPresenter.hpp:28:13:virtual MenuScreenPresenter::~MenuScreenPresenter()	16	static
..\TouchGFX\gui\src\menuscreen_screen\MenuScreenPresenter.cpp:4:1:MenuScreenPresenter::MenuScreenPresenter(MenuScreenView&)	16	static
..\TouchGFX\gui\src\menuscreen_screen\MenuScreenPresenter.cpp:10:6:virtual void MenuScreenPresenter::activate()	16	static
..\TouchGFX\gui\src\menuscreen_screen\MenuScreenPresenter.cpp:15:6:virtual void MenuScreenPresenter::deactivate()	16	static
