../Middlewares/ST/touchgfx/framework/include/touchgfx/Drawable.hpp:134:23:virtual touchgfx::Drawable* touchgfx::Drawable::getFirstChild()	0	static
../Middlewares/ST/touchgfx/framework/include/touchgfx/Drawable.hpp:271:18:virtual void touchgfx::Drawable::setX(int16_t)	0	static
../Middlewares/ST/touchgfx/framework/include/touchgfx/Drawable.hpp:283:18:virtual void touchgfx::Drawable::setY(int16_t)	0	static
../Middlewares/ST/touchgfx/framework/include/touchgfx/Drawable.hpp:312:18:virtual void touchgfx::Drawable::setWidth(int16_t)	0	static
../Middlewares/ST/touchgfx/framework/include/touchgfx/Drawable.hpp:324:18:virtual void touchgfx::Drawable::setHeight(int16_t)	0	static
../Middlewares/ST/touchgfx/framework/include/touchgfx/Drawable.hpp:334:18:virtual void touchgfx::Drawable::childGeometryChanged()	0	static
../Middlewares/ST/touchgfx/framework/include/touchgfx/Drawable.hpp:345:18:virtual void touchgfx::Drawable::handleClickEvent(const touchgfx::ClickEvent&)	0	static
../Middlewares/ST/touchgfx/framework/include/touchgfx/Drawable.hpp:356:18:virtual void touchgfx::Drawable::handleGestureEvent(const touchgfx::GestureEvent&)	0	static
../Middlewares/ST/touchgfx/framework/include/touchgfx/Drawable.hpp:444:18:virtual void touchgfx::Drawable::handleDragEvent(const touchgfx::DragEvent&)	0	static
../Middlewares/ST/touchgfx/framework/include/touchgfx/Drawable.hpp:454:18:virtual void touchgfx::Drawable::handleTickEvent()	0	static
../Middlewares/ST/touchgfx/framework/include/touchgfx/Drawable.hpp:541:18:virtual void touchgfx::Drawable::moveTo(int16_t, int16_t)	4	static
../Middlewares/ST/touchgfx/framework/include/touchgfx/Drawable.hpp:656:18:virtual void touchgfx::Drawable::setupDrawChain(const touchgfx::Rect&, touchgfx::Drawable**)	0	static
../Middlewares/ST/touchgfx/framework/include/touchgfx/Screen.hpp:96:18:virtual void touchgfx::Screen::setupScreen()	0	static
../Middlewares/ST/touchgfx/framework/include/touchgfx/Screen.hpp:107:18:virtual void touchgfx::Screen::afterTransition()	0	static
../Middlewares/ST/touchgfx/framework/include/touchgfx/Screen.hpp:118:18:virtual void touchgfx::Screen::tearDownScreen()	0	static
../Middlewares/ST/touchgfx/framework/include/touchgfx/Screen.hpp:147:18:virtual void touchgfx::Screen::handleTickEvent()	0	static
../Middlewares/ST/touchgfx/framework/include/touchgfx/Screen.hpp:157:18:virtual void touchgfx::Screen::handleKeyEvent(uint8_t)	0	static
../Middlewares/ST/touchgfx/framework/include/touchgfx/widgets/Widget.hpp:50:18:virtual void touchgfx::Widget::getLastChild(int16_t, int16_t, touchgfx::Drawable**)	0	static
../Middlewares/ST/touchgfx/framework/include/mvp/View.hpp:40:7:touchgfx::View<ScreenKeyboardPresenter>::~View()	0	static
../TouchGFX/generated/gui_generated/include/gui_generated/screenkeyboard_screen/ScreenKeyboardViewBase.hpp:18:13:ScreenKeyboardViewBase::~ScreenKeyboardViewBase()	0	static
../TouchGFX/generated/gui_generated/include/gui_generated/screenkeyboard_screen/ScreenKeyboardViewBase.hpp:24:18:virtual void ScreenKeyboardViewBase::getBuffer()	0	static
../TouchGFX/generated/gui_generated/src/screenkeyboard_screen/ScreenKeyboardViewBase.cpp:27:6:virtual void ScreenKeyboardViewBase::setupScreen()	0	static
../Middlewares/ST/touchgfx/framework/include/touchgfx/Callback.hpp:362:8:touchgfx::Callback<ScreenKeyboardViewBase, const touchgfx::AbstractButton&>::~Callback()	0	static
../Middlewares/ST/touchgfx/framework/include/touchgfx/Callback.hpp:392:18:void touchgfx::Callback<dest_type, T1, void, void>::execute(T1) [with dest_type = ScreenKeyboardViewBase; T1 = const touchgfx::AbstractButton&]	8	static
../Middlewares/ST/touchgfx/framework/include/touchgfx/Callback.hpp:402:18:bool touchgfx::Callback<dest_type, T1, void, void>::isValid() const [with dest_type = ScreenKeyboardViewBase; T1 = const touchgfx::AbstractButton&]	0	static
../Middlewares/ST/touchgfx/framework/include/touchgfx/Callback.hpp:362:8:virtual touchgfx::Callback<ScreenKeyboardViewBase, const touchgfx::AbstractButton&>::~Callback()	8	static
../Middlewares/ST/touchgfx/framework/include/mvp/View.hpp:40:7:virtual touchgfx::View<ScreenKeyboardPresenter>::~View()	8	static
../TouchGFX/generated/gui_generated/include/gui_generated/screenkeyboard_screen/ScreenKeyboardViewBase.hpp:18:13:virtual ScreenKeyboardViewBase::~ScreenKeyboardViewBase()	8	static
../TouchGFX/generated/gui_generated/src/screenkeyboard_screen/ScreenKeyboardViewBase.cpp:32:6:void ScreenKeyboardViewBase::buttonCallbackHandler(const touchgfx::AbstractButton&)	8	static
../Middlewares/ST/touchgfx/framework/include/touchgfx/Drawable.hpp:299:10:void touchgfx::Drawable::setXY(int16_t, int16_t)	16	static
../Middlewares/ST/touchgfx/framework/include/touchgfx/widgets/Widget.hpp:39:7:touchgfx::Widget::Widget()	0	static
../TouchGFX/generated/gui_generated/src/screenkeyboard_screen/ScreenKeyboardViewBase.cpp:8:1:ScreenKeyboardViewBase::ScreenKeyboardViewBase()	48	static
