../TouchGFX/gui/include/gui/model/ModelListener.hpp:24:18:virtual void ModelListener::addNewSensor(Sensor)	0	static
../TouchGFX/gui/include/gui/model/ModelListener.hpp:25:18:virtual void ModelListener::setClimateData(int, int, int)	0	static
../TouchGFX/gui/include/gui/model/ModelListener.hpp:26:18:virtual void ModelListener::setOutTemp(int, int, char*)	0	static
../TouchGFX/gui/include/gui/model/ModelListener.hpp:29:18:virtual void ModelListener::setWLANstatus()	0	static
../TouchGFX/gui/include/gui/model/ModelListener.hpp:30:18:virtual void ModelListener::setClockData(uint32_t)	0	static
../TouchGFX/gui/include/gui/menuscreen_screen/MenuScreenPresenter.hpp:28:13:MenuScreenPresenter::~MenuScreenPresenter()	0	static
../TouchGFX/gui/src/menuscreen_screen/MenuScreenPresenter.cpp:10:6:virtual void MenuScreenPresenter::activate()	0	static
../TouchGFX/gui/include/gui/menuscreen_screen/MenuScreenPresenter.hpp:28:13:virtual MenuScreenPresenter::~MenuScreenPresenter()	8	static
../TouchGFX/gui/include/gui/menuscreen_screen/MenuScreenPresenter.hpp:28:13:virtual void* MenuScreenPresenter::_ZThn4_N19MenuScreenPresenterD1Ev()	0	static
../TouchGFX/gui/src/menuscreen_screen/MenuScreenPresenter.cpp:4:1:MenuScreenPresenter::MenuScreenPresenter(MenuScreenView&)	8	static
