..\Core\Src\main.c:133:13:SDRAM_Initialization_Sequence	24	static
..\Core\Src\main.c:193:5:main	24	static,ignoring_inline_asm
..\Core\Src\main.c:348:6:SystemClock_Config	120	static
..\Core\Src\main.c:407:13:MX_CRC_Init	8	static
..\Core\Src\main.c:438:13:MX_DMA2D_Init	8	static
..\Core\Src\main.c:478:13:MX_I2C3_Init	8	static
..\Core\Src\main.c:524:13:MX_I2C4_Init	8	static
..\Core\Src\main.c:570:13:MX_LTDC_Init	64	static
..\Core\Src\main.c:632:13:MX_SDMMC1_SD_Init	8	static
..\Core\Src\main.c:663:13:MX_TIM1_Init	112	static
..\Core\Src\main.c:743:13:MX_UART5_Init	8	static
..\Core\Src\main.c:791:13:MX_USART3_UART_Init	8	static
..\Core\Src\main.c:835:13:MX_FMC_Init	56	static
..\Core\Src\main.c:888:13:MX_GPIO_Init	72	static
..\Core\Src\main.c:991:6:vApplicationStackOverflowHook	16	static
..\Core\Src\main.c:998:6:StartTouchgfxTask	16	static
..\Core\Src\main.c:1013:6:StartDefaultTask	48	static
..\Core\Src\main.c:1051:6:HAL_TIM_PeriodElapsedCallback	16	static
..\Core\Src\main.c:1068:6:Error_Handler	8	static,ignoring_inline_asm
