..\Core\Src\stm32h7xx_hal_msp.c:66:6:HAL_MspInit	16	static
..\Core\Src\stm32h7xx_hal_msp.c:89:6:HAL_CRC_MspInit	24	static
..\Core\Src\stm32h7xx_hal_msp.c:111:6:HAL_CRC_MspDeInit	16	static
..\Core\Src\stm32h7xx_hal_msp.c:133:6:HAL_DMA2D_MspInit	24	static
..\Core\Src\stm32h7xx_hal_msp.c:158:6:HAL_DMA2D_MspDeInit	16	static
..\Core\Src\stm32h7xx_hal_msp.c:183:6:HAL_I2C_MspInit	240	static
..\Core\Src\stm32h7xx_hal_msp.c:261:6:HAL_I2C_MspDeInit	16	static
..\Core\Src\stm32h7xx_hal_msp.c:312:6:HAL_LTDC_MspInit	256	static
..\Core\Src\stm32h7xx_hal_msp.c:453:6:HAL_LTDC_MspDeInit	16	static
..\Core\Src\stm32h7xx_hal_msp.c:526:6:HAL_SD_MspInit	240	static
..\Core\Src\stm32h7xx_hal_msp.c:585:6:HAL_SD_MspDeInit	16	static
..\Core\Src\stm32h7xx_hal_msp.c:621:6:HAL_TIM_Base_MspInit	24	static
..\Core\Src\stm32h7xx_hal_msp.c:637:6:HAL_TIM_MspPostInit	40	static
..\Core\Src\stm32h7xx_hal_msp.c:669:6:HAL_TIM_Base_MspDeInit	16	static
..\Core\Src\stm32h7xx_hal_msp.c:691:6:HAL_UART_MspInit	248	static
..\Core\Src\stm32h7xx_hal_msp.c:807:6:HAL_UART_MspDeInit	16	static
..\Core\Src\stm32h7xx_hal_msp.c:868:13:HAL_FMC_MspInit	224	static
..\Core\Src\stm32h7xx_hal_msp.c:984:6:HAL_SDRAM_MspInit	16	static
..\Core\Src\stm32h7xx_hal_msp.c:996:13:HAL_FMC_MspDeInit	8	static
..\Core\Src\stm32h7xx_hal_msp.c:1068:6:HAL_SDRAM_MspDeInit	16	static
