../TouchGFX/gui/include/gui/model/ModelListener.hpp:24:18:virtual void ModelListener::addNewSensor(Sensor)	0	static
../TouchGFX/gui/include/gui/mainscreen_screen/MainScreenPresenter.hpp:28:13:MainScreenPresenter::~MainScreenPresenter()	0	static
../TouchGFX/gui/src/mainscreen_screen/MainScreenPresenter.cpp:10:6:virtual void MainScreenPresenter::activate()	0	static
../TouchGFX/gui/src/mainscreen_screen/MainScreenPresenter.cpp:20:6:virtual void MainScreenPresenter::setClimateData(int, int, int)	16	static
../TouchGFX/gui/src/mainscreen_screen/MainScreenPresenter.cpp:28:6:virtual void MainScreenPresenter::setOutTemp(int, int, char*)	16	static
../TouchGFX/gui/src/mainscreen_screen/MainScreenPresenter.cpp:43:6:virtual void MainScreenPresenter::setWLANstatus()	0	static
../TouchGFX/gui/src/mainscreen_screen/MainScreenPresenter.cpp:48:6:virtual void MainScreenPresenter::setClockData(uint32_t)	0	static
../TouchGFX/gui/include/gui/mainscreen_screen/MainScreenPresenter.hpp:28:13:virtual MainScreenPresenter::~MainScreenPresenter()	8	static
../TouchGFX/gui/include/gui/mainscreen_screen/MainScreenPresenter.hpp:28:13:virtual void* MainScreenPresenter::_ZThn4_N19MainScreenPresenterD1Ev()	0	static
../TouchGFX/gui/src/mainscreen_screen/MainScreenPresenter.cpp:4:1:MainScreenPresenter::MainScreenPresenter(MainScreenView&)	8	static
