../Middlewares/ST/touchgfx/framework/include/touchgfx/hal/HAL.hpp:123:18:virtual void touchgfx::HAL::setDisplayOrientation(touchgfx::DisplayOrientation)	0	static
../Middlewares/ST/touchgfx/framework/include/touchgfx/hal/HAL.hpp:570:18:virtual bool touchgfx::HAL::sampleKey(uint8_t&)	0	static
../Middlewares/ST/touchgfx/framework/include/touchgfx/hal/HAL.hpp:760:30:virtual touchgfx::FlashDataReader* touchgfx::HAL::getFlashDataReader() const	0	static
../Middlewares/ST/touchgfx/framework/include/touchgfx/hal/HAL.hpp:909:18:virtual void touchgfx::HAL::taskDelay(uint16_t)	0	static
../Middlewares/ST/touchgfx/framework/include/touchgfx/hal/HAL.hpp:936:22:virtual uint16_t touchgfx::HAL::getTFTCurrentLine()	0	static
../Middlewares/ST/touchgfx/framework/include/touchgfx/hal/HAL.hpp:947:21:virtual touchgfx::DMAType touchgfx::HAL::getDMAType()	0	static
../TouchGFX/target/TouchGFXHAL.hpp:31:7:TouchGFXHAL::~TouchGFXHAL()	0	static
../TouchGFX/target/TouchGFXHAL.cpp:41:11:virtual uint16_t* TouchGFXHAL::getTFTFrameBuffer() const	0	static
../TouchGFX/target/TouchGFXHAL.cpp:56:6:virtual void TouchGFXHAL::setTFTFrameBuffer(uint16_t*)	0	static
../TouchGFX/target/TouchGFXHAL.cpp:73:6:virtual void TouchGFXHAL::flushFrameBuffer(const touchgfx::Rect&)	0	static
../TouchGFX/target/TouchGFXHAL.cpp:85:6:virtual bool TouchGFXHAL::blockCopy(void*, const void*, uint32_t)	0	static
../TouchGFX/target/TouchGFXHAL.cpp:94:6:virtual void TouchGFXHAL::configureInterrupts()	0	static
../TouchGFX/target/TouchGFXHAL.cpp:107:6:virtual void TouchGFXHAL::enableInterrupts()	0	static
../TouchGFX/target/TouchGFXHAL.cpp:120:6:virtual void TouchGFXHAL::disableInterrupts()	0	static
../TouchGFX/target/TouchGFXHAL.cpp:134:6:virtual void TouchGFXHAL::enableLCDControllerInterrupt()	0	static
../Middlewares/ST/touchgfx/framework/include/touchgfx/hal/HAL.hpp:538:18:virtual void touchgfx::HAL::backPorchExited()	8	static
../TouchGFX/target/TouchGFXHAL.hpp:99:18:virtual void TouchGFXHAL::flushFrameBuffer()	0	static
../TouchGFX/target/TouchGFXHAL.hpp:31:7:virtual TouchGFXHAL::~TouchGFXHAL()	8	static
../Middlewares/ST/touchgfx/framework/include/touchgfx/hal/HAL.hpp:281:28:virtual touchgfx::BlitOperations touchgfx::HAL::getBlitCaps()	0	static
../Middlewares/ST/touchgfx/framework/include/touchgfx/hal/HAL.hpp:1057:18:virtual void touchgfx::HAL::performDisplayOrientationChange()	12	static
../Middlewares/ST/touchgfx/framework/include/touchgfx/hal/HAL.hpp:617:18:virtual void touchgfx::HAL::setFrameBufferStartAddresses(void*, void*, void*)	8	static
../TouchGFX/target/TouchGFXHAL.cpp:25:6:void TouchGFXHAL::initialize()	0	static
