../TouchGFX/gui/include/gui/model/ModelListener.hpp:24:18:virtual void ModelListener::addNewSensor(Sensor)	0	static
../TouchGFX/gui/include/gui/model/ModelListener.hpp:25:18:virtual void ModelListener::setClimateData(int, int, int)	0	static
../TouchGFX/gui/include/gui/model/ModelListener.hpp:26:18:virtual void ModelListener::setOutTemp(int, int, char*)	0	static
../TouchGFX/gui/include/gui/model/ModelListener.hpp:29:18:virtual void ModelListener::setWLANstatus()	0	static
../TouchGFX/gui/include/gui/model/ModelListener.hpp:30:18:virtual void ModelListener::setClockData(uint32_t)	0	static
../TouchGFX/gui/include/gui/screenkeyboard_screen/ScreenKeyboardPresenter.hpp:28:13:ScreenKeyboardPresenter::~ScreenKeyboardPresenter()	0	static
../Middlewares/ST/touchgfx/framework/include/touchgfx/TypedText.hpp:68:13:touchgfx::TypedText::~TypedText()	0	static
../TouchGFX/gui/src/screenkeyboard_screen/ScreenKeyboardPresenter.cpp:10:6:virtual void ScreenKeyboardPresenter::activate()	0	static
../TouchGFX/gui/include/gui/screenkeyboard_screen/ScreenKeyboardPresenter.hpp:28:13:virtual ScreenKeyboardPresenter::~ScreenKeyboardPresenter()	8	static
../Middlewares/ST/touchgfx/framework/include/touchgfx/TypedText.hpp:68:13:virtual touchgfx::TypedText::~TypedText()	8	static
../TouchGFX/gui/include/gui/screenkeyboard_screen/ScreenKeyboardPresenter.hpp:28:13:virtual void* ScreenKeyboardPresenter::_ZThn4_N23ScreenKeyboardPresenterD1Ev()	0	static
../TouchGFX/gui/src/screenkeyboard_screen/ScreenKeyboardPresenter.cpp:4:1:ScreenKeyboardPresenter::ScreenKeyboardPresenter(ScreenKeyboardView&)	8	static
../TouchGFX/gui/src/screenkeyboard_screen/ScreenKeyboardPresenter.cpp:18:1:cpp)	0	static
