Presenter.hpp:40:18:virtual void touchgfx::Presenter::activate()	16	static
Presenter.hpp:50:18:virtual void touchgfx::Presenter::deactivate()	16	static
Presenter.hpp:55:13:touchgfx::Presenter::~Presenter()	16	static
Presenter.hpp:55:13:virtual touchgfx::Presenter::~Presenter()	16	static
Presenter.hpp:61:5:touchgfx::Presenter::Presenter()	16	static
ModelListener.hpp:9:5:ModelListener::ModelListener()	16	static
ModelListener.hpp:11:13:ModelListener::~ModelListener()	16	static
ModelListener.hpp:11:13:virtual ModelListener::~ModelListener()	16	static
ModelListener.hpp:18:18:virtual void ModelListener::setClimateData(int, int, int)	24	static
LoadScreenPresenter.hpp:28:13:LoadScreenPresenter::~LoadScreenPresenter()	16	static
LoadScreenPresenter.hpp:28:13:virtual LoadScreenPresenter::~LoadScreenPresenter()	16	static
LoadScreenPresenter.cpp:4:1:LoadScreenPresenter::LoadScreenPresenter(LoadScreenView&)	16	static
LoadScreenPresenter.cpp:10:6:virtual void LoadScreenPresenter::activate()	16	static
LoadScreenPresenter.cpp:15:6:virtual void LoadScreenPresenter::deactivate()	16	static
