../Middlewares/ST/touchgfx/framework/include/touchgfx/Drawable.hpp:134:23:virtual touchgfx::Drawable* touchgfx::Drawable::getFirstChild()	0	static
../Middlewares/ST/touchgfx/framework/include/touchgfx/Drawable.hpp:271:18:virtual void touchgfx::Drawable::setX(int16_t)	0	static
../Middlewares/ST/touchgfx/framework/include/touchgfx/Drawable.hpp:283:18:virtual void touchgfx::Drawable::setY(int16_t)	0	static
../Middlewares/ST/touchgfx/framework/include/touchgfx/Drawable.hpp:312:18:virtual void touchgfx::Drawable::setWidth(int16_t)	0	static
../Middlewares/ST/touchgfx/framework/include/touchgfx/Drawable.hpp:324:18:virtual void touchgfx::Drawable::setHeight(int16_t)	0	static
../Middlewares/ST/touchgfx/framework/include/touchgfx/Drawable.hpp:334:18:virtual void touchgfx::Drawable::childGeometryChanged()	0	static
../Middlewares/ST/touchgfx/framework/include/touchgfx/Drawable.hpp:345:18:virtual void touchgfx::Drawable::handleClickEvent(const touchgfx::ClickEvent&)	0	static
../Middlewares/ST/touchgfx/framework/include/touchgfx/Drawable.hpp:356:18:virtual void touchgfx::Drawable::handleGestureEvent(const touchgfx::GestureEvent&)	0	static
../Middlewares/ST/touchgfx/framework/include/touchgfx/Drawable.hpp:444:18:virtual void touchgfx::Drawable::handleDragEvent(const touchgfx::DragEvent&)	0	static
../Middlewares/ST/touchgfx/framework/include/touchgfx/Drawable.hpp:454:18:virtual void touchgfx::Drawable::handleTickEvent()	0	static
../Middlewares/ST/touchgfx/framework/include/touchgfx/Drawable.hpp:541:18:virtual void touchgfx::Drawable::moveTo(int16_t, int16_t)	4	static
../Middlewares/ST/touchgfx/framework/include/touchgfx/Drawable.hpp:656:18:virtual void touchgfx::Drawable::setupDrawChain(const touchgfx::Rect&, touchgfx::Drawable**)	0	static
../Middlewares/ST/touchgfx/framework/include/touchgfx/Screen.hpp:96:18:virtual void touchgfx::Screen::setupScreen()	0	static
../Middlewares/ST/touchgfx/framework/include/touchgfx/Screen.hpp:107:18:virtual void touchgfx::Screen::afterTransition()	0	static
../Middlewares/ST/touchgfx/framework/include/touchgfx/Screen.hpp:118:18:virtual void touchgfx::Screen::tearDownScreen()	0	static
../Middlewares/ST/touchgfx/framework/include/touchgfx/Screen.hpp:147:18:virtual void touchgfx::Screen::handleTickEvent()	0	static
../Middlewares/ST/touchgfx/framework/include/touchgfx/Screen.hpp:157:18:virtual void touchgfx::Screen::handleKeyEvent(uint8_t)	0	static
../Middlewares/ST/touchgfx/framework/include/touchgfx/widgets/Widget.hpp:50:18:virtual void touchgfx::Widget::getLastChild(int16_t, int16_t, touchgfx::Drawable**)	0	static
../Middlewares/ST/touchgfx/framework/include/mvp/View.hpp:40:7:touchgfx::View<HA_screenPresenter>::~View()	0	static
../TouchGFX/generated/gui_generated/include/gui_generated/ha_screen_screen/HA_screenViewBase.hpp:23:18:virtual void HA_screenViewBase::scrollList1UpdateItem(ListElementContainer&, int16_t)	0	static
../Middlewares/ST/touchgfx/framework/include/touchgfx/containers/scrollers/DrawableList.hpp:101:21:int16_t touchgfx::DrawableListItems<TYPE, SIZE>::getNumberOfDrawables() [with TYPE = ListElementContainer; int SIZE = 6]	0	static
../Middlewares/ST/touchgfx/framework/include/touchgfx/Callback.hpp:221:8:touchgfx::Callback<HA_screenViewBase, touchgfx::DrawableListItemsInterface*, short int, short int>::~Callback()	0	static
../Middlewares/ST/touchgfx/framework/include/touchgfx/Callback.hpp:362:8:touchgfx::Callback<HA_screenViewBase, const touchgfx::AbstractButton&>::~Callback()	0	static
../Middlewares/ST/touchgfx/framework/include/touchgfx/containers/scrollers/DrawableList.hpp:79:7:touchgfx::DrawableListItems<ListElementContainer, 6>::~DrawableListItems()	16	static
../TouchGFX/generated/gui_generated/include/gui_generated/ha_screen_screen/HA_screenViewBase.hpp:20:13:HA_screenViewBase::~HA_screenViewBase()	8	static
../Middlewares/ST/touchgfx/framework/include/touchgfx/Callback.hpp:254:18:void touchgfx::Callback<dest_type, T1, T2, T3>::execute(T1, T2, T3) [with dest_type = HA_screenViewBase; T1 = touchgfx::DrawableListItemsInterface*; T2 = short int; T3 = short int]	16	static
../Middlewares/ST/touchgfx/framework/include/touchgfx/Callback.hpp:264:18:bool touchgfx::Callback<dest_type, T1, T2, T3>::isValid() const [with dest_type = HA_screenViewBase; T1 = touchgfx::DrawableListItemsInterface*; T2 = short int; T3 = short int]	0	static
../Middlewares/ST/touchgfx/framework/include/touchgfx/Callback.hpp:392:18:void touchgfx::Callback<dest_type, T1, void, void>::execute(T1) [with dest_type = HA_screenViewBase; T1 = const touchgfx::AbstractButton&]	8	static
../Middlewares/ST/touchgfx/framework/include/touchgfx/Callback.hpp:402:18:bool touchgfx::Callback<dest_type, T1, void, void>::isValid() const [with dest_type = HA_screenViewBase; T1 = const touchgfx::AbstractButton&]	0	static
../Middlewares/ST/touchgfx/framework/include/touchgfx/containers/scrollers/DrawableList.hpp:79:7:virtual touchgfx::DrawableListItems<ListElementContainer, 6>::~DrawableListItems()	8	static
../Middlewares/ST/touchgfx/framework/include/mvp/View.hpp:40:7:virtual touchgfx::View<HA_screenPresenter>::~View()	8	static
../Middlewares/ST/touchgfx/framework/include/touchgfx/Callback.hpp:362:8:virtual touchgfx::Callback<HA_screenViewBase, const touchgfx::AbstractButton&>::~Callback()	8	static
../Middlewares/ST/touchgfx/framework/include/touchgfx/Callback.hpp:221:8:virtual touchgfx::Callback<HA_screenViewBase, touchgfx::DrawableListItemsInterface*, short int, short int>::~Callback()	8	static
../TouchGFX/generated/gui_generated/include/gui_generated/ha_screen_screen/HA_screenViewBase.hpp:20:13:virtual HA_screenViewBase::~HA_screenViewBase()	8	static
../TouchGFX/generated/gui_generated/src/ha_screen_screen/HA_screenViewBase.cpp:41:6:virtual void HA_screenViewBase::setupScreen()	16	static
../TouchGFX/generated/gui_generated/src/ha_screen_screen/HA_screenViewBase.cpp:61:6:void HA_screenViewBase::updateItemCallbackHandler(touchgfx::DrawableListItemsInterface*, int16_t, int16_t)	16	static
../Middlewares/ST/touchgfx/framework/include/touchgfx/containers/scrollers/DrawableList.hpp:82:23:touchgfx::Drawable* touchgfx::DrawableListItems<TYPE, SIZE>::getDrawable(int16_t) [with TYPE = ListElementContainer; int SIZE = 6]	8	static
../TouchGFX/generated/gui_generated/src/ha_screen_screen/HA_screenViewBase.cpp:50:6:void HA_screenViewBase::buttonCallbackHandler(const touchgfx::AbstractButton&)	8	static
../Middlewares/ST/touchgfx/framework/include/touchgfx/Drawable.hpp:299:10:void touchgfx::Drawable::setXY(int16_t, int16_t)	16	static
../Middlewares/ST/touchgfx/framework/include/touchgfx/Drawable.hpp:218:10:void touchgfx::Drawable::setPosition(int16_t, int16_t, int16_t, int16_t)	16	static
../Middlewares/ST/touchgfx/framework/include/touchgfx/widgets/Widget.hpp:39:7:touchgfx::Widget::Widget()	0	static
../TouchGFX/generated/gui_generated/src/ha_screen_screen/HA_screenViewBase.cpp:8:1:HA_screenViewBase::HA_screenViewBase()	64	static
