../Middlewares/ST/touchgfx/framework/include/touchgfx/Drawable.hpp:271:18:virtual void touchgfx::Drawable::setX(int16_t)	0	static
../Middlewares/ST/touchgfx/framework/include/touchgfx/Drawable.hpp:283:18:virtual void touchgfx::Drawable::setY(int16_t)	0	static
../Middlewares/ST/touchgfx/framework/include/touchgfx/Drawable.hpp:312:18:virtual void touchgfx::Drawable::setWidth(int16_t)	0	static
../Middlewares/ST/touchgfx/framework/include/touchgfx/Drawable.hpp:324:18:virtual void touchgfx::Drawable::setHeight(int16_t)	0	static
../Middlewares/ST/touchgfx/framework/include/touchgfx/Drawable.hpp:334:18:virtual void touchgfx::Drawable::childGeometryChanged()	0	static
../Middlewares/ST/touchgfx/framework/include/touchgfx/Drawable.hpp:345:18:virtual void touchgfx::Drawable::handleClickEvent(const touchgfx::ClickEvent&)	0	static
../Middlewares/ST/touchgfx/framework/include/touchgfx/Drawable.hpp:356:18:virtual void touchgfx::Drawable::handleGestureEvent(const touchgfx::GestureEvent&)	0	static
../Middlewares/ST/touchgfx/framework/include/touchgfx/Drawable.hpp:444:18:virtual void touchgfx::Drawable::handleDragEvent(const touchgfx::DragEvent&)	0	static
../Middlewares/ST/touchgfx/framework/include/touchgfx/Drawable.hpp:454:18:virtual void touchgfx::Drawable::handleTickEvent()	0	static
../Middlewares/ST/touchgfx/framework/include/touchgfx/Drawable.hpp:541:18:virtual void touchgfx::Drawable::moveTo(int16_t, int16_t)	4	static
../Middlewares/ST/touchgfx/framework/include/touchgfx/containers/Container.hpp:154:23:virtual touchgfx::Drawable* touchgfx::Container::getFirstChild()	0	static
../TouchGFX/gui/include/gui/containers/ListElementContainer.hpp:10:13:ListElementContainer::~ListElementContainer()	0	static
../TouchGFX/gui/src/containers/ListElementContainer.cpp:8:6:virtual void ListElementContainer::initialize()	0	static
../TouchGFX/gui/src/containers/ListElementContainer.cpp:13:6:virtual void ListElementContainer::set_name(touchgfx::Unicode::UnicodeChar*)	8	static
../TouchGFX/gui/src/containers/ListElementContainer.cpp:19:6:virtual void ListElementContainer::set_unit(touchgfx::Unicode::UnicodeChar*)	8	static
../TouchGFX/gui/src/containers/ListElementContainer.cpp:25:6:virtual void ListElementContainer::set_value(int32_t)	8	static
../TouchGFX/gui/include/gui/containers/ListElementContainer.hpp:10:13:virtual ListElementContainer::~ListElementContainer()	8	static
../TouchGFX/gui/src/containers/ListElementContainer.cpp:3:1:ListElementContainer::ListElementContainer()	8	static
