../Middlewares/ST/touchgfx/framework/include/touchgfx/Font.hpp:146:13:touchgfx::Font::~Font()	16	static
../Middlewares/ST/touchgfx/framework/include/touchgfx/Font.hpp:146:13:virtual touchgfx::Font::~Font()	16	static
../Middlewares/ST/touchgfx/framework/include/touchgfx/ConstFont.hpp:36:7:touchgfx::ConstFont::~ConstFont()	16	static
../Middlewares/ST/touchgfx/framework/include/touchgfx/ConstFont.hpp:36:7:virtual touchgfx::ConstFont::~ConstFont()	16	static
../TouchGFX/generated/fonts/include/fonts/GeneratedFont.hpp:17:7:touchgfx::GeneratedFont::~GeneratedFont()	16	static
../TouchGFX/generated/fonts/include/fonts/GeneratedFont.hpp:17:7:virtual touchgfx::GeneratedFont::~GeneratedFont()	16	static
..\TouchGFX\generated\fonts\src\Table_digitalthin_100_4bpp.cpp:24:178:void __tcf_0()	8	static
..\TouchGFX\generated\fonts\src\Table_digitalthin_100_4bpp.cpp:22:26:touchgfx::GeneratedFont& getFont_digitalthin_100_4bpp()	48	static
